GHC used: The Glorious Glasgow Haskell Compilation System, version 9.14.1

== compiling SN_Haskell.hs ==
[1 of 2] Compiling Main             ( SN_Haskell.hs, SN_Haskell_build/Main.o )
[2 of 2] Linking SN_Haskell_build/SN_Haskell
== running SN_Haskell ==
2

== compiling SN_Haskell_Named.hs ==
[1 of 2] Compiling Main             ( SN_Haskell_Named.hs, SN_Haskell_build/Main.o )
[2 of 2] Linking SN_Haskell_build/SN_Haskell_Named
== running SN_Haskell_Named ==
2

== compiling SN_Haskell_Trace.hs ==
[1 of 2] Compiling Main             ( SN_Haskell_Trace.hs, SN_Haskell_build/Main.o )
[2 of 2] Linking SN_Haskell_build/SN_Haskell_Trace
== running SN_Haskell_Trace ==
Full leftmost-outermost beta-reduction:
0. (\f:(o -> o). \x0:o. f x0) (\x1:o. x1)    measure = 2
1. \x0:o. (\x1:o. x1) x0    measure = 1
2. \x0:o. x0    measure = 0

Weak call-by-name evaluation:
0. (\f:(o -> o). \x0:o. f x0) (\x1:o. x1)    measure = 2
1. \x0:o. (\x1:o. x1) x0    measure = 1

== compiling SN_Haskell_HenkExamples.hs ==
[1 of 2] Compiling Main             ( SN_Haskell_HenkExamples.hs, SN_Haskell_build/Main.o )
[2 of 2] Linking SN_Haskell_build/SN_Haskell_HenkExamples
== running SN_Haskell_HenkExamples ==
I_1: expected star 0, got 0  OK
I_1 dot part: 2n+1: expected samples [1,3,5,7,9], got [1,3,5,7,9]  OK
I_1 x^o: expected star 1, got 1  OK
I_2: expected star 0, got 0  OK
I_2 dot part agrees with f + f* + 1 on samples  OK
I_2 I_1: expected star 1, got 1  OK
I_2 I_1 dot part: 2n+2: expected samples [2,4,6,8,10], got [2,4,6,8,10]  OK
I_2 I_1 x^o: expected star 2, got 2  OK
\f. f (f x): expected star 0, got 0  OK
(\f. f (f x)) I_1: expected star 4, got 4  OK
\f. \x. f x: expected star 0, got 0  OK
(\f. \x. f x) I_1: expected star 2, got 2  OK
(\f. \x. f x) I_1 dot part: 3n+3: expected samples [3,6,9,12,15], got [3,6,9,12,15]  OK
(\f. \x. f x) I_1 y^o: expected star 3, got 3  OK
All checked examples pass.  The corrected value for (\f. \x. f x) I_1 is star 2.
